// Jest Snapshot v1, https://goo.gl/fbAQLP

exports[`App snapshot 1`] = `
<DocumentFragment>
  <div
    class="container"
  >
    <nav>
      <div
        class="links"
      >
        <div
          class="logo"
        >
          <a
            href="/"
          >
            <img
              alt="smiling pair of pants"
              class="logo-image"
              src="optimistictrousers.jpg"
            />
          </a>
          <h1
            class="nav-title"
          >
            The Optimistic Store
          </h1>
          <ul>
            <li>
              <a
                href="/"
              >
                <h2>
                  HOME
                </h2>
              </a>
            </li>
            <li>
              <a
                href="/shop"
              >
                <h2>
                  SHOP
                </h2>
              </a>
            </li>
          </ul>
        </div>
        <a
          href="/cart"
        >
          <span
            data-testid="quantity"
          >
            0
          </span>
          <svg
            data-testid="cart-svg"
            fill="none"
            height="22"
            stroke="currentColor"
            viewBox="0 0 20 22"
            width="20"
          >
            <path
              d="M4 1L1 5V19C1 19.5304 1.21071 20.0391 1.58579 20.4142C1.96086 20.7893 2.46957 21 3 21H17C17.5304 21 18.0391 20.7893 18.4142 20.4142C18.7893 20.0391 19 19.5304 19 19V5L16 1H4Z"
              stroke-linecap="round"
              stroke-linejoin="round"
              stroke-width="1.5"
            />
            <path
              d="M1 5H19"
              stroke-linecap="round"
              stroke-linejoin="round"
              stroke-width="1.5"
            />
            <path
              d="M14 9C14 10.0609 13.5786 11.0783 12.8284 11.8284C12.0783 12.5786 11.0609 13 10 13C8.93913 13 7.92172 12.5786 7.17157 11.8284C6.42143 11.0783 6 10.0609 6 9"
              stroke-linecap="round"
              stroke-linejoin="round"
              stroke-width="1.5"
            />
          </svg>
        </a>
      </div>
    </nav>
    <main>
      <div
        class="home"
      >
        <div
          class="hero"
        >
          <h1>
            The Optimistic Store
          </h1>
        </div>
        <div
          class="about"
        />
      </div>
    </main>
    <footer />
  </div>
</DocumentFragment>
`;
