// Jest Snapshot v1, https://goo.gl/fbAQLP

exports[`CartItem screenshot 1`] = `
<DocumentFragment>
  <div
    class="cart-item-container"
    data-testid="cart-item"
  >
    <div
      class="item-image"
    >
      <img
        alt="Fjallraven - Foldsack No. 1 Backpack, Fits 15 Laptops"
        src="https://fakestoreapi.com/img/81fPKd-2AYL._AC_SL1500_.jpg"
      />
    </div>
    <div
      class="cart-item-details"
    >
      <div
        class="item-detail"
      >
        <h2
          class="item-title product-title"
        >
          Fjallraven - Foldsack No. 1 Backpack, Fits 15 Laptops
        </h2>
        <p
          class="item-price product-price"
        >
          $109.95
        </p>
      </div>
      <div
        class="item-stock"
      >
        <p
          class="item-stock-price"
        >
          $109.95
        </p>
        <p
          class="item-stock-status"
        >
          In Stock
        </p>
      </div>
      <div
        class="user-input"
      >
        <div
          class="quantity"
        >
          <button
            type="button"
          >
            +
          </button>
          <p
            class="quantity-display"
            data-testid="product-quantity"
          >
            1
          </p>
          <button
            type="button"
          >
            -
          </button>
        </div>
        <div
          class="delete"
        >
          <img
            alt="trash can"
            class="trash-image"
            src="trash.svg"
          />
          <p
            class="text"
          >
            Delete
          </p>
        </div>
      </div>
    </div>
  </div>
</DocumentFragment>
`;
