// Jest Snapshot v1, https://goo.gl/fbAQLP

exports[`CartItem snapshot 1`] = `
<DocumentFragment>
  <div
    class="cart-container"
  >
    <div
      class="cart"
    >
      <h2
        class="cart-title"
      >
        Your Cart
      </h2>
      <div
        class="empty-cart"
      >
        <div
          class="empty-cart-image"
        >
          <svg
            data-testid="cart-svg"
            fill="none"
            height="22"
            stroke="currentColor"
            viewBox="0 0 20 22"
            width="20"
          >
            <path
              d="M4 1L1 5V19C1 19.5304 1.21071 20.0391 1.58579 20.4142C1.96086 20.7893 2.46957 21 3 21H17C17.5304 21 18.0391 20.7893 18.4142 20.4142C18.7893 20.0391 19 19.5304 19 19V5L16 1H4Z"
              stroke-linecap="round"
              stroke-linejoin="round"
              stroke-width="1.5"
            />
            <path
              d="M1 5H19"
              stroke-linecap="round"
              stroke-linejoin="round"
              stroke-width="1.5"
            />
            <path
              d="M14 9C14 10.0609 13.5786 11.0783 12.8284 11.8284C12.0783 12.5786 11.0609 13 10 13C8.93913 13 7.92172 12.5786 7.17157 11.8284C6.42143 11.0783 6 10.0609 6 9"
              stroke-linecap="round"
              stroke-linejoin="round"
              stroke-width="1.5"
            />
          </svg>
        </div>
        <h1
          class="empty-cart-title"
        >
          Your cart is empty
        </h1>
        <p
          class="empty-cart-description"
        >
          Biscuit oat cake wafer icing ice cream tiramisu pudding cupcake.
        </p>
      </div>
      <div
        class="cost"
      >
        <p
          class="subtotal"
        >
          Subtotal
        </p>
        <p
          class="amount"
          data-testid="subtotal"
        >
          $0.00
        </p>
      </div>
      <div
        class="cost"
      >
        <p
          class="delivery"
        >
          Delivery
        </p>
        <p
          class="amount"
        >
          $0.00
        </p>
      </div>
      <div
        class="cost"
      >
        <p
          class="tax"
        >
          Tax
        </p>
        <p
          class="amount"
          data-testid="tax"
        >
          $0.00
        </p>
      </div>
      <div
        class="cost"
      >
        <p
          class="total"
        >
          Total
        </p>
        <p
          class="amount"
          data-testid="total"
        >
          $0.00
        </p>
      </div>
    </div>
    <div
      class="buttons"
    >
      <button
        type="button"
      >
        Check Out
        <img
          alt="right arrow"
          class="right-arrow"
          src="right-arrow.svg"
        />
      </button>
      <a
        href="/shop"
      >
        <button
          type="button"
        >
          <img
            alt="left arrow"
            class="left-arrow"
            src="left-arrow.svg"
          />
           Back To Products
        </button>
      </a>
    </div>
  </div>
</DocumentFragment>
`;
