// Jest Snapshot v1, https://goo.gl/fbAQLP

exports[`Shop renders navbar 1`] = `
<DocumentFragment>
  <div
    class="shop"
  >
    <h2
      class="shop-title"
    >
      Get Clothing!
    </h2>
    <p
      class="shop-description"
    >
      Times are tough. Liven up with our top-notch clothing!
    </p>
    <div
      class="products"
    />
  </div>
</DocumentFragment>
`;

exports[`renders navbar 1`] = `
<DocumentFragment>
  <div
    class="shop"
  >
    <h2
      class="shop-title"
    >
      Get Clothing!
    </h2>
    <p
      class="shop-description"
    >
      Times are tough. Liven up with our top-notch clothing!
    </p>
    <div
      class="products"
    />
  </div>
</DocumentFragment>
`;
